// Jest Snapshot v1, https://goo.gl/fbAQLP

exports[`Test search results Should match snapshot 1`] = `
Array [
  " ",
  <div>
    <div
      className="MuiPaper-root MuiPaper-elevation1 MuiCard-root MuiPaper-rounded"
    >
      <div
        className="MuiCardContent-root"
      >
        <div
          style={
            Object {
              "display": "flex",
              "justifyContent": "center",
            }
          }
        >
          <img
            src="dummy_avatar"
            style={
              Object {
                "height": 200,
                "width": 200,
              }
            }
          />
        </div>
        <a
          href="dummy_url"
        >
          dummy_name
        </a>
        <div
          style={
            Object {
              "display": "flex",
              "flexDirection": "row",
              "justifyContent": "center",
            }
          }
        >
          <svg
            aria-hidden="true"
            className="MuiSvgIcon-root"
            focusable="false"
            role="presentation"
            viewBox="0 0 24 24"
          >
            <path
              d="M12 2C8.13 2 5 5.13 5 9c0 5.25 7 13 7 13s7-7.75 7-13c0-3.87-3.13-7-7-7zm0 9.5c-1.38 0-2.5-1.12-2.5-2.5s1.12-2.5 2.5-2.5 2.5 1.12 2.5 2.5-1.12 2.5-2.5 2.5z"
            />
          </svg>
          <p
            className="MuiTypography-root MuiTypography-body1 MuiTypography-colorTextSecondary"
          >
            dummy_location
          </p>
        </div>
        <div
          style={
            Object {
              "display": "flex",
              "flexDirection": "row",
              "justifyContent": "center",
            }
          }
        >
          <svg
            aria-hidden="true"
            className="MuiSvgIcon-root"
            focusable="false"
            role="presentation"
            viewBox="0 0 24 24"
          >
            <path
              d="M20 4H4c-1.1 0-1.99.9-1.99 2L2 18c0 1.1.9 2 2 2h16c1.1 0 2-.9 2-2V6c0-1.1-.9-2-2-2zm0 4l-8 5-8-5V6l8 5 8-5v2z"
            />
          </svg>
          <p
            className="MuiTypography-root MuiTypography-body1 MuiTypography-colorTextSecondary"
          >
            dummy_email
          </p>
        </div>
        <div
          style={
            Object {
              "display": "flex",
              "flexDirection": "row",
              "justifyContent": "center",
            }
          }
        >
          <svg
            aria-hidden="true"
            className="MuiSvgIcon-root"
            focusable="false"
            role="presentation"
            viewBox="0 0 24 24"
          >
            <path
              d="M3.9 12c0-1.71 1.39-3.1 3.1-3.1h4V7H7c-2.76 0-5 2.24-5 5s2.24 5 5 5h4v-1.9H7c-1.71 0-3.1-1.39-3.1-3.1zM8 13h8v-2H8v2zm9-6h-4v1.9h4c1.71 0 3.1 1.39 3.1 3.1s-1.39 3.1-3.1 3.1h-4V17h4c2.76 0 5-2.24 5-5s-2.24-5-5-5z"
            />
          </svg>
          <p
            className="MuiTypography-root MuiTypography-body1 MuiTypography-colorTextSecondary"
          >
            dummy_url
          </p>
        </div>
      </div>
    </div>
  </div>,
  " ",
]
`;

exports[`Test search results Should not render Card component when props are undefined 1`] = `
Array [
  " ",
  <div>
    <div>
      <div
        className="MuiTypography-root MuiPaper-root MuiPaper-elevation6 MuiSnackbarContent-root MuiTypography-body2"
        role="alertdialog"
        style={
          Object {
            "color": "red",
            "justifyContent": "center",
          }
        }
      >
        <div
          className="MuiSnackbarContent-message"
        >
          error
        </div>
      </div>
    </div>
  </div>,
  " ",
]
`;
